Archive member included because of file (symbol)

c:/program files (x86)/atmel/atmel toolchain/avr8 gcc/native/3.4.2.1002/avr8-gnu-toolchain/bin/../lib/gcc/avr/4.7.2/avr5\libgcc.a(_exit.o)
                              c:/program files (x86)/atmel/atmel toolchain/avr8 gcc/native/3.4.2.1002/avr8-gnu-toolchain/bin/../lib/gcc/avr/4.7.2/../../../../avr/lib/avr5/crtm32.o (exit)
c:/program files (x86)/atmel/atmel toolchain/avr8 gcc/native/3.4.2.1002/avr8-gnu-toolchain/bin/../lib/gcc/avr/4.7.2/avr5\libgcc.a(_copy_data.o)
                              ECU_1.o (__do_copy_data)
c:/program files (x86)/atmel/atmel toolchain/avr8 gcc/native/3.4.2.1002/avr8-gnu-toolchain/bin/../lib/gcc/avr/4.7.2/avr5\libgcc.a(_clear_bss.o)
                              timers.o (__do_clear_bss)

Discarded input sections

 .bss           0x00000000        0x0 c:/program files (x86)/atmel/atmel toolchain/avr8 gcc/native/3.4.2.1002/avr8-gnu-toolchain/bin/../lib/gcc/avr/4.7.2/../../../../avr/lib/avr5/crtm32.o
 .text          0x00000000        0x0 ECU_1.o
 .bss           0x00000000        0x0 ECU_1.o
 .text          0x00000000        0x0 gpio.o
 .bss           0x00000000        0x0 gpio.o
 .text.gpioPortDirection
                0x00000000       0x20 gpio.o
 .text.gpioPortWrite
                0x00000000       0x20 gpio.o
 .text.gpioPortToggle
                0x00000000       0x30 gpio.o
 .text.gpioPortRead
                0x00000000       0x24 gpio.o
 .text.gpioPinWrite
                0x00000000       0x60 gpio.o
 .text.gpioPinToggle
                0x00000000       0x30 gpio.o
 .text          0x00000000        0x0 pushButton.o
 .bss           0x00000000        0x0 pushButton.o
 .text          0x00000000        0x0 softwareDelay.o
 .bss           0x00000000        0x0 softwareDelay.o
 .text.softwareDelayus
                0x00000000       0x72 softwareDelay.o
 .text          0x00000000        0x0 SPI_.o
 .bss           0x00000000        0x0 SPI_.o
 .text.SPI_Recive
                0x00000000        0x8 SPI_.o
 .text          0x00000000        0x0 timers.o
 .bss           0x00000000        0x0 timers.o
 .text.timer0Read
                0x00000000        0x4 timers.o
 .text.timer0DelayUs
                0x00000000        0x2 timers.o
 .text.timer0SwPWM
                0x00000000       0x20 timers.o
 .text.timer1Init
                0x00000000       0x56 timers.o
 .text.timer1Set
                0x00000000        0x6 timers.o
 .text.timer1Read
                0x00000000        0xa timers.o
 .text.timer1Start
                0x00000000       0x10 timers.o
 .text.timer1Stop
                0x00000000        0x4 timers.o
 .text.timer1DelayMs
                0x00000000       0xb6 timers.o
 .text.timer1DelayUs
                0x00000000        0x2 timers.o
 .text.timer1SwPWM
                0x00000000        0x2 timers.o
 .text.timer1HwPWM
                0x00000000        0x2 timers.o
 .text.timer2Init
                0x00000000       0x2e timers.o
 .text.timer2Set
                0x00000000        0x4 timers.o
 .text.timer2Read
                0x00000000        0x4 timers.o
 .text.timer2Start
                0x00000000        0xc timers.o
 .text.timer2Stop
                0x00000000        0x8 timers.o
 .text.timer2DelayMs
                0x00000000       0xb2 timers.o
 .text.timer2DelayUs
                0x00000000        0x2 timers.o
 .text.timer2SwPWM
                0x00000000        0x2 timers.o
 .data.TIMER1_PRESCALER
                0x00000000        0x1 timers.o
 .bss.TIMER1_MODE
                0x00000000        0x2 timers.o
 .data.TIMER2_PRESCALER
                0x00000000        0x1 timers.o
 .bss.TIMER2_MODE
                0x00000000        0x1 timers.o
 .text          0x00000000        0x0 USART.o
 .bss           0x00000000        0x0 USART.o
 .text.UART_sendByte
                0x00000000        0x8 USART.o
 .text.UART_sendString
                0x00000000       0x2a USART.o
 .text.UART_receiveString
                0x00000000       0x3e USART.o
 .text          0x00000000        0x0 c:/program files (x86)/atmel/atmel toolchain/avr8 gcc/native/3.4.2.1002/avr8-gnu-toolchain/bin/../lib/gcc/avr/4.7.2/avr5\libgcc.a(_exit.o)
 .bss           0x00000000        0x0 c:/program files (x86)/atmel/atmel toolchain/avr8 gcc/native/3.4.2.1002/avr8-gnu-toolchain/bin/../lib/gcc/avr/4.7.2/avr5\libgcc.a(_exit.o)
 .text.libgcc.mul
                0x00000000        0x0 c:/program files (x86)/atmel/atmel toolchain/avr8 gcc/native/3.4.2.1002/avr8-gnu-toolchain/bin/../lib/gcc/avr/4.7.2/avr5\libgcc.a(_exit.o)
 .text.libgcc.div
                0x00000000        0x0 c:/program files (x86)/atmel/atmel toolchain/avr8 gcc/native/3.4.2.1002/avr8-gnu-toolchain/bin/../lib/gcc/avr/4.7.2/avr5\libgcc.a(_exit.o)
 .text.libgcc   0x00000000        0x0 c:/program files (x86)/atmel/atmel toolchain/avr8 gcc/native/3.4.2.1002/avr8-gnu-toolchain/bin/../lib/gcc/avr/4.7.2/avr5\libgcc.a(_exit.o)
 .text.libgcc.prologue
                0x00000000        0x0 c:/program files (x86)/atmel/atmel toolchain/avr8 gcc/native/3.4.2.1002/avr8-gnu-toolchain/bin/../lib/gcc/avr/4.7.2/avr5\libgcc.a(_exit.o)
 .text.libgcc.builtins
                0x00000000        0x0 c:/program files (x86)/atmel/atmel toolchain/avr8 gcc/native/3.4.2.1002/avr8-gnu-toolchain/bin/../lib/gcc/avr/4.7.2/avr5\libgcc.a(_exit.o)
 .text.libgcc.fmul
                0x00000000        0x0 c:/program files (x86)/atmel/atmel toolchain/avr8 gcc/native/3.4.2.1002/avr8-gnu-toolchain/bin/../lib/gcc/avr/4.7.2/avr5\libgcc.a(_exit.o)
 .text          0x00000000        0x0 c:/program files (x86)/atmel/atmel toolchain/avr8 gcc/native/3.4.2.1002/avr8-gnu-toolchain/bin/../lib/gcc/avr/4.7.2/avr5\libgcc.a(_copy_data.o)
 .bss           0x00000000        0x0 c:/program files (x86)/atmel/atmel toolchain/avr8 gcc/native/3.4.2.1002/avr8-gnu-toolchain/bin/../lib/gcc/avr/4.7.2/avr5\libgcc.a(_copy_data.o)
 .text.libgcc.mul
                0x00000000        0x0 c:/program files (x86)/atmel/atmel toolchain/avr8 gcc/native/3.4.2.1002/avr8-gnu-toolchain/bin/../lib/gcc/avr/4.7.2/avr5\libgcc.a(_copy_data.o)
 .text.libgcc.div
                0x00000000        0x0 c:/program files (x86)/atmel/atmel toolchain/avr8 gcc/native/3.4.2.1002/avr8-gnu-toolchain/bin/../lib/gcc/avr/4.7.2/avr5\libgcc.a(_copy_data.o)
 .text.libgcc   0x00000000        0x0 c:/program files (x86)/atmel/atmel toolchain/avr8 gcc/native/3.4.2.1002/avr8-gnu-toolchain/bin/../lib/gcc/avr/4.7.2/avr5\libgcc.a(_copy_data.o)
 .text.libgcc.prologue
                0x00000000        0x0 c:/program files (x86)/atmel/atmel toolchain/avr8 gcc/native/3.4.2.1002/avr8-gnu-toolchain/bin/../lib/gcc/avr/4.7.2/avr5\libgcc.a(_copy_data.o)
 .text.libgcc.builtins
                0x00000000        0x0 c:/program files (x86)/atmel/atmel toolchain/avr8 gcc/native/3.4.2.1002/avr8-gnu-toolchain/bin/../lib/gcc/avr/4.7.2/avr5\libgcc.a(_copy_data.o)
 .text.libgcc.fmul
                0x00000000        0x0 c:/program files (x86)/atmel/atmel toolchain/avr8 gcc/native/3.4.2.1002/avr8-gnu-toolchain/bin/../lib/gcc/avr/4.7.2/avr5\libgcc.a(_copy_data.o)
 .text          0x00000000        0x0 c:/program files (x86)/atmel/atmel toolchain/avr8 gcc/native/3.4.2.1002/avr8-gnu-toolchain/bin/../lib/gcc/avr/4.7.2/avr5\libgcc.a(_clear_bss.o)
 .bss           0x00000000        0x0 c:/program files (x86)/atmel/atmel toolchain/avr8 gcc/native/3.4.2.1002/avr8-gnu-toolchain/bin/../lib/gcc/avr/4.7.2/avr5\libgcc.a(_clear_bss.o)
 .text.libgcc.mul
                0x00000000        0x0 c:/program files (x86)/atmel/atmel toolchain/avr8 gcc/native/3.4.2.1002/avr8-gnu-toolchain/bin/../lib/gcc/avr/4.7.2/avr5\libgcc.a(_clear_bss.o)
 .text.libgcc.div
                0x00000000        0x0 c:/program files (x86)/atmel/atmel toolchain/avr8 gcc/native/3.4.2.1002/avr8-gnu-toolchain/bin/../lib/gcc/avr/4.7.2/avr5\libgcc.a(_clear_bss.o)
 .text.libgcc   0x00000000        0x0 c:/program files (x86)/atmel/atmel toolchain/avr8 gcc/native/3.4.2.1002/avr8-gnu-toolchain/bin/../lib/gcc/avr/4.7.2/avr5\libgcc.a(_clear_bss.o)
 .text.libgcc.prologue
                0x00000000        0x0 c:/program files (x86)/atmel/atmel toolchain/avr8 gcc/native/3.4.2.1002/avr8-gnu-toolchain/bin/../lib/gcc/avr/4.7.2/avr5\libgcc.a(_clear_bss.o)
 .text.libgcc.builtins
                0x00000000        0x0 c:/program files (x86)/atmel/atmel toolchain/avr8 gcc/native/3.4.2.1002/avr8-gnu-toolchain/bin/../lib/gcc/avr/4.7.2/avr5\libgcc.a(_clear_bss.o)
 .text.libgcc.fmul
                0x00000000        0x0 c:/program files (x86)/atmel/atmel toolchain/avr8 gcc/native/3.4.2.1002/avr8-gnu-toolchain/bin/../lib/gcc/avr/4.7.2/avr5\libgcc.a(_clear_bss.o)

Memory Configuration

Name             Origin             Length             Attributes
text             0x00000000         0x00020000         xr
data             0x00800060         0x0000ffa0         rw !x
eeprom           0x00810000         0x00010000         rw !x
fuse             0x00820000         0x00000400         rw !x
lock             0x00830000         0x00000400         rw !x
signature        0x00840000         0x00000400         rw !x
user_signatures  0x00850000         0x00000400         rw !x
*default*        0x00000000         0xffffffff

Linker script and memory map

LOAD c:/program files (x86)/atmel/atmel toolchain/avr8 gcc/native/3.4.2.1002/avr8-gnu-toolchain/bin/../lib/gcc/avr/4.7.2/../../../../avr/lib/avr5/crtm32.o
LOAD ECU_1.o
LOAD gpio.o
LOAD pushButton.o
LOAD softwareDelay.o
LOAD SPI_.o
LOAD timers.o
LOAD USART.o
START GROUP
LOAD c:/program files (x86)/atmel/atmel toolchain/avr8 gcc/native/3.4.2.1002/avr8-gnu-toolchain/bin/../lib/gcc/avr/4.7.2/../../../../avr/lib/avr5\libm.a
END GROUP
LOAD c:/program files (x86)/atmel/atmel toolchain/avr8 gcc/native/3.4.2.1002/avr8-gnu-toolchain/bin/../lib/gcc/avr/4.7.2/avr5\libgcc.a
LOAD c:/program files (x86)/atmel/atmel toolchain/avr8 gcc/native/3.4.2.1002/avr8-gnu-toolchain/bin/../lib/gcc/avr/4.7.2/../../../../avr/lib/avr5\libc.a
LOAD c:/program files (x86)/atmel/atmel toolchain/avr8 gcc/native/3.4.2.1002/avr8-gnu-toolchain/bin/../lib/gcc/avr/4.7.2/avr5\libgcc.a

.hash
 *(.hash)

.dynsym
 *(.dynsym)

.dynstr
 *(.dynstr)

.gnu.version
 *(.gnu.version)

.gnu.version_d
 *(.gnu.version_d)

.gnu.version_r
 *(.gnu.version_r)

.rel.init
 *(.rel.init)

.rela.init
 *(.rela.init)

.rel.text
 *(.rel.text)
 *(.rel.text.*)
 *(.rel.gnu.linkonce.t*)

.rela.text
 *(.rela.text)
 *(.rela.text.*)
 *(.rela.gnu.linkonce.t*)

.rel.fini
 *(.rel.fini)

.rela.fini
 *(.rela.fini)

.rel.rodata
 *(.rel.rodata)
 *(.rel.rodata.*)
 *(.rel.gnu.linkonce.r*)

.rela.rodata
 *(.rela.rodata)
 *(.rela.rodata.*)
 *(.rela.gnu.linkonce.r*)

.rel.data
 *(.rel.data)
 *(.rel.data.*)
 *(.rel.gnu.linkonce.d*)

.rela.data
 *(.rela.data)
 *(.rela.data.*)
 *(.rela.gnu.linkonce.d*)

.rel.ctors
 *(.rel.ctors)

.rela.ctors
 *(.rela.ctors)

.rel.dtors
 *(.rel.dtors)

.rela.dtors
 *(.rela.dtors)

.rel.got
 *(.rel.got)

.rela.got
 *(.rela.got)

.rel.bss
 *(.rel.bss)

.rela.bss
 *(.rela.bss)

.rel.plt
 *(.rel.plt)

.rela.plt
 *(.rela.plt)

.text           0x00000000      0x4d0
 *(.vectors)
 .vectors       0x00000000       0x54 c:/program files (x86)/atmel/atmel toolchain/avr8 gcc/native/3.4.2.1002/avr8-gnu-toolchain/bin/../lib/gcc/avr/4.7.2/../../../../avr/lib/avr5/crtm32.o
                0x00000000                __vector_default
                0x00000000                __vectors
 *(.vectors)
 *(.progmem.gcc*)
 *(.progmem*)
                0x00000054                . = ALIGN (0x2)
                0x00000054                __trampolines_start = .
 *(.trampolines)
 .trampolines   0x00000054        0x0 linker stubs
 *(.trampolines*)
                0x00000054                __trampolines_end = .
 *(.jumptables)
 *(.jumptables*)
 *(.lowtext)
 *(.lowtext*)
                0x00000054                __ctors_start = .
 *(.ctors)
                0x00000054                __ctors_end = .
                0x00000054                __dtors_start = .
 *(.dtors)
                0x00000054                __dtors_end = .
 SORT(*)(.ctors)
 SORT(*)(.dtors)
 *(.init0)
 .init0         0x00000054        0x0 c:/program files (x86)/atmel/atmel toolchain/avr8 gcc/native/3.4.2.1002/avr8-gnu-toolchain/bin/../lib/gcc/avr/4.7.2/../../../../avr/lib/avr5/crtm32.o
                0x00000054                __init
 *(.init0)
 *(.init1)
 *(.init1)
 *(.init2)
 .init2         0x00000054        0xc c:/program files (x86)/atmel/atmel toolchain/avr8 gcc/native/3.4.2.1002/avr8-gnu-toolchain/bin/../lib/gcc/avr/4.7.2/../../../../avr/lib/avr5/crtm32.o
 *(.init2)
 *(.init3)
 *(.init3)
 *(.init4)
 .init4         0x00000060       0x16 c:/program files (x86)/atmel/atmel toolchain/avr8 gcc/native/3.4.2.1002/avr8-gnu-toolchain/bin/../lib/gcc/avr/4.7.2/avr5\libgcc.a(_copy_data.o)
                0x00000060                __do_copy_data
 .init4         0x00000076       0x10 c:/program files (x86)/atmel/atmel toolchain/avr8 gcc/native/3.4.2.1002/avr8-gnu-toolchain/bin/../lib/gcc/avr/4.7.2/avr5\libgcc.a(_clear_bss.o)
                0x00000076                __do_clear_bss
 *(.init4)
 *(.init5)
 *(.init5)
 *(.init6)
 *(.init6)
 *(.init7)
 *(.init7)
 *(.init8)
 *(.init8)
 *(.init9)
 .init9         0x00000086        0x8 c:/program files (x86)/atmel/atmel toolchain/avr8 gcc/native/3.4.2.1002/avr8-gnu-toolchain/bin/../lib/gcc/avr/4.7.2/../../../../avr/lib/avr5/crtm32.o
 *(.init9)
 *(.text)
 .text          0x0000008e        0x4 c:/program files (x86)/atmel/atmel toolchain/avr8 gcc/native/3.4.2.1002/avr8-gnu-toolchain/bin/../lib/gcc/avr/4.7.2/../../../../avr/lib/avr5/crtm32.o
                0x0000008e                __vector_1
                0x0000008e                __vector_12
                0x0000008e                __bad_interrupt
                0x0000008e                __vector_6
                0x0000008e                __vector_3
                0x0000008e                __vector_11
                0x0000008e                __vector_13
                0x0000008e                __vector_17
                0x0000008e                __vector_19
                0x0000008e                __vector_7
                0x0000008e                __vector_5
                0x0000008e                __vector_4
                0x0000008e                __vector_9
                0x0000008e                __vector_2
                0x0000008e                __vector_15
                0x0000008e                __vector_8
                0x0000008e                __vector_14
                0x0000008e                __vector_10
                0x0000008e                __vector_16
                0x0000008e                __vector_18
                0x0000008e                __vector_20
                0x00000092                . = ALIGN (0x2)
 *(.text.*)
 .text.main     0x00000092       0xa6 ECU_1.o
                0x00000092                main
 .text.gpioPinDirection
                0x00000138       0x60 gpio.o
                0x00000138                gpioPinDirection
 .text.gpioPinRead
                0x00000198       0x44 gpio.o
                0x00000198                gpioPinRead
 .text.pushButtonInit
                0x000001dc       0x40 pushButton.o
                0x000001dc                pushButtonInit
 .text.pushButtonGetStatus
                0x0000021c       0x4e pushButton.o
                0x0000021c                pushButtonGetStatus
 .text.softwareDelayMs
                0x0000026a       0xa8 softwareDelay.o
                0x0000026a                softwareDelayMs
 .text.SPI_Init_
                0x00000312       0x82 SPI_.o
                0x00000312                SPI_Init_
 .text.SPI_Send_
                0x00000394        0x8 SPI_.o
                0x00000394                SPI_Send_
 .text.timer0Init
                0x0000039c       0x2e timers.o
                0x0000039c                timer0Init
 .text.timer0Set
                0x000003ca        0x4 timers.o
                0x000003ca                timer0Set
 .text.timer0Start
                0x000003ce        0xc timers.o
                0x000003ce                timer0Start
 .text.timer0Stop
                0x000003da        0x4 timers.o
                0x000003da                timer0Stop
 .text.timer0DelayMs
                0x000003de       0xac timers.o
                0x000003de                timer0DelayMs
 .text.USART_init
                0x0000048a       0x3a USART.o
                0x0000048a                USART_init
 .text.UART_recieveByte
                0x000004c4        0x8 USART.o
                0x000004c4                UART_recieveByte
                0x000004cc                . = ALIGN (0x2)
 *(.fini9)
 .fini9         0x000004cc        0x0 c:/program files (x86)/atmel/atmel toolchain/avr8 gcc/native/3.4.2.1002/avr8-gnu-toolchain/bin/../lib/gcc/avr/4.7.2/avr5\libgcc.a(_exit.o)
                0x000004cc                _exit
                0x000004cc                exit
 *(.fini9)
 *(.fini8)
 *(.fini8)
 *(.fini7)
 *(.fini7)
 *(.fini6)
 *(.fini6)
 *(.fini5)
 *(.fini5)
 *(.fini4)
 *(.fini4)
 *(.fini3)
 *(.fini3)
 *(.fini2)
 *(.fini2)
 *(.fini1)
 *(.fini1)
 *(.fini0)
 .fini0         0x000004cc        0x4 c:/program files (x86)/atmel/atmel toolchain/avr8 gcc/native/3.4.2.1002/avr8-gnu-toolchain/bin/../lib/gcc/avr/4.7.2/avr5\libgcc.a(_exit.o)
 *(.fini0)
                0x000004d0                _etext = .

.data           0x00800060        0xa load address 0x000004d0
                0x00800060                PROVIDE (__data_start, .)
 *(.data)
 .data          0x00800060        0x0 c:/program files (x86)/atmel/atmel toolchain/avr8 gcc/native/3.4.2.1002/avr8-gnu-toolchain/bin/../lib/gcc/avr/4.7.2/../../../../avr/lib/avr5/crtm32.o
 .data          0x00800060        0x0 ECU_1.o
 .data          0x00800060        0x0 gpio.o
 .data          0x00800060        0x0 pushButton.o
 .data          0x00800060        0x0 softwareDelay.o
 .data          0x00800060        0x0 SPI_.o
 .data          0x00800060        0x0 timers.o
 .data          0x00800060        0x0 USART.o
 .data          0x00800060        0x0 c:/program files (x86)/atmel/atmel toolchain/avr8 gcc/native/3.4.2.1002/avr8-gnu-toolchain/bin/../lib/gcc/avr/4.7.2/avr5\libgcc.a(_exit.o)
 .data          0x00800060        0x0 c:/program files (x86)/atmel/atmel toolchain/avr8 gcc/native/3.4.2.1002/avr8-gnu-toolchain/bin/../lib/gcc/avr/4.7.2/avr5\libgcc.a(_copy_data.o)
 .data          0x00800060        0x0 c:/program files (x86)/atmel/atmel toolchain/avr8 gcc/native/3.4.2.1002/avr8-gnu-toolchain/bin/../lib/gcc/avr/4.7.2/avr5\libgcc.a(_clear_bss.o)
 *(.data*)
 .data.TIMER0_PRESCALER
                0x00800060        0x1 timers.o
 *(.rodata)
 .rodata        0x00800061        0x9 ECU_1.o
 *(.rodata*)
 *(.gnu.linkonce.d*)
                0x0080006a                . = ALIGN (0x2)
                0x0080006a                _edata = .
                0x0080006a                PROVIDE (__data_end, .)

.bss            0x0080006a        0x1
                0x0080006a                PROVIDE (__bss_start, .)
 *(.bss)
 *(.bss*)
 .bss.TIMER0_MODE
                0x0080006a        0x1 timers.o
 *(COMMON)
                0x0080006b                PROVIDE (__bss_end, .)
                0x000004d0                __data_load_start = LOADADDR (.data)
                0x000004da                __data_load_end = (__data_load_start + SIZEOF (.data))

.noinit         0x0080006b        0x0
                0x0080006b                PROVIDE (__noinit_start, .)
 *(.noinit*)
                0x0080006b                PROVIDE (__noinit_end, .)
                0x0080006b                _end = .
                0x0080006b                PROVIDE (__heap_start, .)

.eeprom         0x00810000        0x0
 *(.eeprom*)
                0x00810000                __eeprom_end = .

.fuse
 *(.fuse)
 *(.lfuse)
 *(.hfuse)
 *(.efuse)

.lock
 *(.lock*)

.signature
 *(.signature*)

.user_signatures
 *(.user_signatures*)

.stab           0x00000000      0x6cc
 *(.stab)
 .stab          0x00000000      0x6cc c:/program files (x86)/atmel/atmel toolchain/avr8 gcc/native/3.4.2.1002/avr8-gnu-toolchain/bin/../lib/gcc/avr/4.7.2/../../../../avr/lib/avr5/crtm32.o

.stabstr        0x00000000       0x97
 *(.stabstr)
 .stabstr       0x00000000       0x97 c:/program files (x86)/atmel/atmel toolchain/avr8 gcc/native/3.4.2.1002/avr8-gnu-toolchain/bin/../lib/gcc/avr/4.7.2/../../../../avr/lib/avr5/crtm32.o

.stab.excl
 *(.stab.excl)

.stab.exclstr
 *(.stab.exclstr)

.stab.index
 *(.stab.index)

.stab.indexstr
 *(.stab.indexstr)

.comment        0x00000000       0x2f
 *(.comment)
 .comment       0x00000000       0x2f ECU_1.o
                                 0x30 (size before relaxing)
 .comment       0x00000000       0x30 gpio.o
 .comment       0x00000000       0x30 pushButton.o
 .comment       0x00000000       0x30 softwareDelay.o
 .comment       0x00000000       0x30 SPI_.o
 .comment       0x00000000       0x30 timers.o
 .comment       0x00000000       0x30 USART.o

.debug
 *(.debug)

.line
 *(.line)

.debug_srcinfo
 *(.debug_srcinfo)

.debug_sfnames
 *(.debug_sfnames)

.debug_aranges  0x00000000      0x218
 *(.debug_aranges)
 .debug_aranges
                0x00000000       0x20 ECU_1.o
 .debug_aranges
                0x00000020       0x58 gpio.o
 .debug_aranges
                0x00000078       0x28 pushButton.o
 .debug_aranges
                0x000000a0       0x28 softwareDelay.o
 .debug_aranges
                0x000000c8       0x30 SPI_.o
 .debug_aranges
                0x000000f8       0xe0 timers.o
 .debug_aranges
                0x000001d8       0x40 USART.o

.debug_pubnames
 *(.debug_pubnames)

.debug_info     0x00000000     0x1d6d
 *(.debug_info)
 .debug_info    0x00000000      0x567 ECU_1.o
 .debug_info    0x00000567      0x24e gpio.o
 .debug_info    0x000007b5      0x2a5 pushButton.o
 .debug_info    0x00000a5a      0x15d softwareDelay.o
 .debug_info    0x00000bb7      0x367 SPI_.o
 .debug_info    0x00000f1e      0xa03 timers.o
 .debug_info    0x00001921      0x44c USART.o
 *(.gnu.linkonce.wi.*)

.debug_abbrev   0x00000000      0x833
 *(.debug_abbrev)
 .debug_abbrev  0x00000000      0x13d ECU_1.o
 .debug_abbrev  0x0000013d       0xe7 gpio.o
 .debug_abbrev  0x00000224       0xe7 pushButton.o
 .debug_abbrev  0x0000030b       0xa0 softwareDelay.o
 .debug_abbrev  0x000003ab      0x119 SPI_.o
 .debug_abbrev  0x000004c4      0x1ff timers.o
 .debug_abbrev  0x000006c3      0x170 USART.o

.debug_line     0x00000000      0x666
 *(.debug_line)
 .debug_line    0x00000000       0x93 ECU_1.o
 .debug_line    0x00000093       0xfc gpio.o
 .debug_line    0x0000018f       0x9a pushButton.o
 .debug_line    0x00000229       0x8a softwareDelay.o
 .debug_line    0x000002b3       0x96 SPI_.o
 .debug_line    0x00000349      0x257 timers.o
 .debug_line    0x000005a0       0xc6 USART.o

.debug_frame    0x00000000      0x4cc
 *(.debug_frame)
 .debug_frame   0x00000000       0x34 ECU_1.o
 .debug_frame   0x00000034       0x94 gpio.o
 .debug_frame   0x000000c8       0x3c pushButton.o
 .debug_frame   0x00000104       0x90 softwareDelay.o
 .debug_frame   0x00000194       0x58 SPI_.o
 .debug_frame   0x000001ec      0x250 timers.o
 .debug_frame   0x0000043c       0x90 USART.o

.debug_str      0x00000000      0xd10
 *(.debug_str)
 .debug_str     0x00000000      0x43c ECU_1.o
                                0x47f (size before relaxing)
 .debug_str     0x0000043c       0xb9 gpio.o
                                0x1a3 (size before relaxing)
 .debug_str     0x000004f5       0x6a pushButton.o
                                0x1f4 (size before relaxing)
 .debug_str     0x0000055f       0x45 softwareDelay.o
                                0x140 (size before relaxing)
 .debug_str     0x000005a4       0x70 SPI_.o
                                0x2b5 (size before relaxing)
 .debug_str     0x00000614      0x5db timers.o
                                0x86a (size before relaxing)
 .debug_str     0x00000bef      0x121 USART.o
                                0x298 (size before relaxing)

.debug_loc      0x00000000     0x10c9
 *(.debug_loc)
 .debug_loc     0x00000000       0x66 ECU_1.o
 .debug_loc     0x00000066      0x49f gpio.o
 .debug_loc     0x00000505       0xba pushButton.o
 .debug_loc     0x000005bf      0x228 softwareDelay.o
 .debug_loc     0x000007e7      0x1e2 SPI_.o
 .debug_loc     0x000009c9      0x590 timers.o
 .debug_loc     0x00000f59      0x170 USART.o

.debug_macinfo
 *(.debug_macinfo)

.debug_pubtypes
 *(.debug_pubtypes)

.debug_ranges   0x00000000      0x1c0
 *(.debug_ranges)
 .debug_ranges  0x00000000       0x10 ECU_1.o
 .debug_ranges  0x00000010       0x48 gpio.o
 .debug_ranges  0x00000058       0x18 pushButton.o
 .debug_ranges  0x00000070       0x30 softwareDelay.o
 .debug_ranges  0x000000a0       0x20 SPI_.o
 .debug_ranges  0x000000c0       0xd0 timers.o
 .debug_ranges  0x00000190       0x30 USART.o

.debug_macro
 *(.debug_macro)
OUTPUT(ECU_1.elf elf32-avr)
LOAD linker stubs
